#-----------------------------------------------------------
# Vivado v2022.2 (64-bit)
# SW Build 3671981 on Fri Oct 14 05:00:03 MDT 2022
# IP Build 3669848 on Fri Oct 14 08:30:02 MDT 2022
# Start of session at: Mon Feb 27 20:58:29 2023
# Process ID: 9140
# Current directory: C:/Users/SaikotDasJoy/Desktop/Embedded_Electronics_B/project_28/project_28.runs/design_1_rst_clk_wiz_1_100M_0_synth_1
# Command line: vivado.exe -log design_1_rst_clk_wiz_1_100M_0.vds -product Vivado -mode batch -messageDb vivado.pb -notrace -source design_1_rst_clk_wiz_1_100M_0.tcl
# Log file: C:/Users/SaikotDasJoy/Desktop/Embedded_Electronics_B/project_28/project_28.runs/design_1_rst_clk_wiz_1_100M_0_synth_1/design_1_rst_clk_wiz_1_100M_0.vds
# Journal file: C:/Users/SaikotDasJoy/Desktop/Embedded_Electronics_B/project_28/project_28.runs/design_1_rst_clk_wiz_1_100M_0_synth_1\vivado.jou
# Running On: DESKTOP-OFMRNTP, OS: Windows, CPU Frequency: 2592 MHz, CPU Physical cores: 6, Host memory: 16862 MB
#-----------------------------------------------------------
source design_1_rst_clk_wiz_1_100M_0.tcl -notrace
